mode: set
pkg1/hello.go:5.21,8.12 3 1
pkg1/hello.go:8.12,10.3 1 0
pkg1/hello.go:11.2,11.16 1 1
pkg1/hello2.go:3.22,5.2 1 0
pkg2/bye.go:5.19,8.2 2 1
test/test_utils.go:3.31,5.2 1 0
